Error occurred at index 7: GCA_007197645.1
Error occurred at index 24: GCA_002024615.2
Error occurred at index 91: GCA_019930865.1
Error occurred at index 93: GCA_011600955.2
Error occurred at index 97: GCA_012923665.1
Error occurred at index 177: GCA_002128325.1
Error occurred at index 236: GCA_017584185.1
Error occurred at index 296: GCA_900636955.1
Error occurred at index 300: GCA_002073455.2
Error occurred at index 404: GCA_004136415.1
Error occurred at index 407: GCA_017347405.1
Error occurred at index 468: GCA_002206385.2
Error occurred at index 489: GCA_024498395.1
Error occurred at index 584: GCA_002263215.1
Error occurred at index 701: GCA_900107775.1
Error occurred at index 788: GCA_001941605.1
Error occurred at index 796: GCA_003337725.1
Error occurred at index 800: GCA_001580475.1
Error occurred at index 810: GCA_900618195.1
Error occurred at index 918: GCA_019614475.19
Error occurred at index 1036: GCA_900636575.1
Error occurred at index 1037: GCA_901521425.1
Error occurred at index 1038: GCA_900459215.1
Error occurred at index 1039: GCA_016128135.1
Error occurred at index 1040: GCA_019856435.1
Error occurred at index 1041: GCA_026692645.1
Error occurred at index 1042: GCA_002073515.2
Error occurred at index 1043: GCA_900636565.1
Error occurred at index 1044: GCA_901543475.1
Error occurred at index 1045: GCA_009916945.1
Error occurred at index 1081: GCA_024665635.1
Error occurred at index 1101: GCA_001543175.1
Error occurred at index 1270: GCA_001679705.1
Error occurred at index 1273: GCA_003129525.1
Error occurred at index 1352: GCA_011765585.1
Error occurred at index 1367: GCA_003627275.1
Error occurred at index 1433: GCA_018475685.1
Error occurred at index 1439: GCA_014229665.1
Error occurred at index 1471: GCA_013314975.1
Error occurred at index 1564: GCA_001855335.1
Error occurred at index 1565: GCA_004011055.1
Error occurred at index 1566: GCA_004011075.1
Error occurred at index 1567: GCA_005890135.1
Error occurred at index 1568: GCA_005696855.1
Error occurred at index 1569: GCA_018128345.1
Error occurred at index 1570: GCA_018128365.1
Error occurred at index 1571: GCA_900016155.1
Error occurred at index 1572: GCA_900248195.1
Error occurred at index 1573: GCA_900409735.1
Error occurred at index 1574: GCA_006716235.1
Error occurred at index 1575: GCA_001683455.1
Error occurred at index 1576: GCA_002292425.1
Error occurred at index 1577: GCA_003640565.1
Error occurred at index 1578: GCA_001078615.1
Error occurred at index 1579: GCA_002975475.1
Error occurred at index 1580: GCA_001307545.1
Error occurred at index 1581: GCA_021249325.1
Error occurred at index 1582: GCA_027570695.1
Error occurred at index 1583: GCA_016756195.1
Error occurred at index 1584: GCA_020736005.1
Error occurred at index 1585: GCA_021183745.1
Error occurred at index 1586: GCA_014701265.1
Error occurred at index 1587: GCA_021183685.1
Error occurred at index 1588: GCA_021183705.1
Error occurred at index 1589: GCA_003253775.1
Error occurred at index 1590: GCA_000835225.1
Error occurred at index 1591: GCA_909128855.2
Error occurred at index 1592: GCA_909129705.2
Error occurred at index 1593: GCA_001583415.1
Error occurred at index 1594: GCA_015333575.1
Error occurred at index 1595: GCA_900637085.1
Error occurred at index 1596: GCA_000767665.1
Error occurred at index 1628: GCA_013337765.1
Error occurred at index 1637: GCA_001668675.1
Error occurred at index 1706: GCA_015752315.1
Error occurred at index 1707: GCA_900142365.1
Error occurred at index 1708: GCA_000787535.1
Error occurred at index 1709: GCA_900115515.1
Error occurred at index 1710: GCA_000948395.1
Error occurred at index 1711: GCA_900115395.1
Error occurred at index 1712: GCA_900143215.1
Error occurred at index 1713: GCA_017584855.1
Error occurred at index 1714: GCA_017584865.1
Error occurred at index 1715: GCA_900187045.1
Error occurred at index 1716: GCA_007829915.1
Error occurred at index 1717: GCA_016862415.1
Error occurred at index 1718: GCA_014205335.1
Error occurred at index 1719: GCA_016862155.1
Error occurred at index 1720: GCA_000785985.1
Error occurred at index 1721: GCA_016862455.1
Error occurred at index 1722: GCA_002926165.1
Error occurred at index 1723: GCA_003298855.1
Error occurred at index 1724: GCA_003857045.1
Error occurred at index 1725: GCA_002266845.1
Error occurred at index 1726: GCA_014203425.1
Error occurred at index 1727: GCA_900091495.1
Error occurred at index 1728: GCA_007830265.1
Error occurred at index 1729: GCA_900091545.1
Error occurred at index 1730: GCA_003208035.1
Error occurred at index 1731: GCA_016876115.1
Error occurred at index 1732: GCA_016921115.1
Error occurred at index 1733: GCA_000359525.1
Error occurred at index 1734: GCA_026636035.1
Error occurred at index 1735: GCA_947311705.1
Error occurred at index 1736: GCA_014650475.1
Error occurred at index 1737: GCA_024349185.1
Error occurred at index 1738: GCA_000827005.1
Error occurred at index 1739: GCA_001753425.1
Error occurred at index 1740: GCA_003675345.1
Error occurred at index 1741: GCA_001632865.1
Error occurred at index 1742: GCA_001514065.1
Error occurred at index 1743: GCA_002019855.1
Error occurred at index 1744: GCA_012044595.1
Error occurred at index 1745: GCA_001434355.1
Error occurred at index 1746: GCA_019378935.1
Error occurred at index 1747: GCA_003330865.1
Error occurred at index 1748: GCA_014648655.1
Error occurred at index 1749: GCA_025153975.1
Error occurred at index 1750: GCA_002082605.1
Error occurred at index 1751: GCA_003268965.1
Error occurred at index 1752: GCA_014650695.1
Error occurred at index 1753: GCA_017874515.1
Error occurred at index 1754: GCA_006539165.1
Error occurred at index 1755: GCA_015767875.1
Error occurred at index 1756: GCA_015767915.1
Error occurred at index 1757: GCA_015767935.1
Error occurred at index 1758: GCA_008124905.1
Error occurred at index 1759: GCA_013317105.1
Error occurred at index 1760: GCA_021654815.1
Error occurred at index 1761: GCA_001514055.1
Error occurred at index 1762: GCA_003573485.1
Error occurred at index 2064: GCA_900108125.1
Error occurred at index 2094: GCA_900638685.1
Error occurred at index 2108: GCA_901446755.2
Error occurred at index 2158: GCA_008538935.2
Error occurred at index 2183: GCA_006874765.1
Error occurred at index 2209: GCA_022832875.1
Error occurred at index 2256: GCA_002101655.1
Error occurred at index 2277: GCA_002029295.1
Error occurred at index 2279: GCA_023653455.1
Error occurred at index 2332: GCA_008693005.1
Error occurred at index 2504: GCA_900446595.1
Error occurred at index 2505: GCA_008245005.1
Error occurred at index 2563: GCA_013002775.1
Error occurred at index 2731: GCA_004341395.1
Error occurred at index 2750: GCA_026236575.1
Error occurred at index 2843: GCA_002933465.1
Error occurred at index 2888: GCA_900631605.1
Error occurred at index 2930: GCA_016894265.1
Error occurred at index 2931: GCA_018256515.1
Error occurred at index 2932: GCA_018256535.1
Error occurred at index 2933: GCA_018256815.1
Error occurred at index 2934: GCA_022453865.1
Error occurred at index 2935: GCA_016907155.1
Error occurred at index 2936: GCA_900478115.1
Error occurred at index 2937: GCA_008011915.1
Error occurred at index 2938: GCA_009846595.1
Error occurred at index 2939: GCA_019670625.1
Error occurred at index 2940: GCA_019670645.1
Error occurred at index 2941: GCA_000612765.1
Error occurred at index 2942: GCA_000612965.1
Error occurred at index 2943: GCA_001291465.1
Error occurred at index 2944: GCA_002018145.1
Error occurred at index 2945: GCA_001443305.1
Error occurred at index 2946: GCA_900221005.1
Error occurred at index 2947: GCA_000828735.1
Error occurred at index 2948: GCA_003953005.1
Error occurred at index 2949: GCA_007051125.1
Error occurred at index 3099: GCA_023516595.1
Error occurred at index 3100: GCA_017377825.1
Error occurred at index 3101: GCA_001273775.1
Error occurred at index 3102: GCA_000661895.1
Error occurred at index 3103: GCA_021582415.1
Error occurred at index 3104: GCA_021582535.1
Error occurred at index 3105: GCA_021582655.1
Error occurred at index 3106: GCA_003050805.1
Error occurred at index 3107: GCA_009833085.1
Error occurred at index 3108: GCA_014337925.1
Error occurred at index 3109: GCA_024958695.1
Error occurred at index 3110: GCA_000758175.1
Error occurred at index 3111: GCA_008274785.1
Error occurred at index 3112: GCA_021496465.1
Error occurred at index 3113: GCA_021496485.1
Error occurred at index 3114: GCA_014070215.1
Error occurred at index 3115: GCA_000804505.1
Error occurred at index 3116: GCA_014649435.1
Error occurred at index 3117: GCA_015160875.1
Error occurred at index 3118: GCA_001580175.1
Error occurred at index 3119: GCA_009664535.1
Error occurred at index 3120: GCA_021462285.1
Error occurred at index 3121: GCA_024086695.1
Error occurred at index 3122: GCA_017599285.1
Error occurred at index 3123: GCA_021391315.1
Error occurred at index 3124: GCA_022227035.1
Error occurred at index 3125: GCA_004346445.1
Error occurred at index 3126: GCA_018916835.1
Error occurred at index 3127: GCA_005046945.1
Error occurred at index 3128: GCA_001597285.1
Error occurred at index 3129: GCA_016861485.1
Error occurred at index 3130: GCA_021654315.1
Error occurred at index 3131: GCA_001665625.1
Error occurred at index 3132: GCA_002198105.1
Error occurred at index 3133: GCA_025822425.1
Error occurred at index 3134: GCA_008807415.1
Error occurred at index 3135: GCA_002086575.1
Error occurred at index 3136: GCA_010728725.1
Error occurred at index 3137: GCA_025822465.1
Error occurred at index 3138: GCA_017745335.1
Error occurred at index 3139: GCA_017745415.1
Error occurred at index 3140: GCA_020866885.1
Error occurred at index 3141: GCA_007829565.1
Error occurred at index 3142: GCA_014204915.1
Error occurred at index 3143: GCA_003053565.1
Error occurred at index 3144: GCA_003259895.1
Error occurred at index 3145: GCA_004362045.1
Error occurred at index 3146: GCA_002284565.1
Error occurred at index 3147: GCA_005886875.1
Error occurred at index 3148: GCA_005887285.1
Error occurred at index 3149: GCA_005887355.1
Error occurred at index 3150: GCA_000238375.4
Error occurred at index 3151: GCA_005887445.1
Error occurred at index 3152: GCA_005887475.1
Error occurred at index 3153: GCA_001750165.1
Error occurred at index 3154: GCA_001750185.1
Error occurred at index 3155: GCA_001750405.1
Error occurred at index 3156: GCA_000238295.4
Error occurred at index 3157: GCA_001482385.1
Error occurred at index 3158: GCA_005886805.2
Error occurred at index 3159: GCA_001723425.1
Error occurred at index 3160: GCA_002310835.1
Error occurred at index 3161: GCA_018598885.1
Error occurred at index 3162: GCA_000238275.4
Error occurred at index 3163: GCA_001298405.1
Error occurred at index 3252: GCA_008728875.1
Error occurred at index 3448: GCA_023517795.1
Error occurred at index 3468: GCA_014138645.1
Error occurred at index 3473: GCA_014138725.1
Error occurred at index 3918: GCA_026797395.1
Error occurred at index 3951: GCA_001443645.1
Error occurred at index 3954: GCA_000698595.1
Error occurred at index 4066: GCA_000009825.1
Error occurred at index 4121: GCA_003595235.1
Error occurred at index 4135: GCA_026341745.1
Error occurred at index 4366: GCA_003070625.1
Error occurred at index 4387: GCA_003269815.1
Error occurred at index 4401: GCA_004116955.1
Error occurred at index 4511: GCA_001983175.1
Error occurred at index 4550: GCA_004353985.1
Error occurred at index 4561: GCA_025163535.1
Error occurred at index 4725: GCA_013167875.1
Error occurred at index 5213: GCA_006539325.1
Error occurred at index 5265: GCA_001020955.1
Error occurred at index 5636: GCA_021568875.1
